RAM Allocation [bytes]
Variable                                                                          Address   Size
------------------------------------------------------------------------------------------------
rx_buffer                                                                         0x02B9       8
tx_buffer                                                                         0x02C1       8
kD                                                                                0x02C9       2
maks_PWM                                                                          0x02CB       2
min_PWM                                                                           0x02CD       2
kelajuan                                                                          0x02CF       2
k_stabilisator                                                                    0x02D1       2
delay_awal                                                                        0x02D3       1
nilai_adc                                                                         0x02D4      14
ambang_atas                                                                       0x02E2      14
ambang_bawah                                                                      0x02F0      14
n_tengah                                                                          0x02FE      14
c_delay                                                                           0x030C      90
c_timer                                                                           0x0366      90
c_aksi                                                                            0x03C0      90
c_sensor_ka                                                                       0x041A      90
c_sensor_ki                                                                       0x0474      90
c_cp                                                                              0x04CE      90
c_invert                                                                          0x0528      90
c_laju                                                                            0x0582      90
c_laju_ki                                                                         0x05DC      90
c_laju_ka                                                                         0x0636      90
tampil                                                                            0x0690      16
buffer                                                                            0x06A0      18
cacah                                                                             0x06B2       2
detik                                                                             0x06B4       2
target_timer                                                                      0x06B6       2
sensor_ka                                                                         0x06B8      12
sensor_ki                                                                         0x06C4      12
PID                                                                               0x06D0       2
P                                                                                 0x06D2       2
D                                                                                 0x06D4       2
error                                                                             0x06D6       2
error_terakhir                                                                    0x06D8       2
pesat_error                                                                       0x06DA       2
pwm_kiri                                                                          0x06DC       2
pwm_kanan                                                                         0x06DE       2
c_i                                                                               0x06E0       1
kelajuan_normal                                                                   0x06E1       1
mode                                                                              0x06E2       1
aktifasi_serial                                                                   0x06E3       1
sensor                                                                            0x06E4       2
sen_dep                                                                           0x06E6       2
sen_ki                                                                            0x06E8       2
sen_ka                                                                            0x06EA       2
hitung_tekan                                                                      0x06EC       1
hitung_password                                                                   0x06ED       1
_base_y                                                                           0x06EE       4
_lcd_x                                                                            0x06F2       1
_lcd_y                                                                            0x06F3       1
_lcd_maxx                                                                         0x06F4       1
_seed                                                                             0x06F5       4

EEPROM Allocation [bytes]
Variable                                                                          Address   Size
------------------------------------------------------------------------------------------------
e_kP                                                                              0x0000       1
e_kI                                                                              0x0001       1
e_kD                                                                              0x0002       1
e_maks_PWM                                                                        0x0003       1
e_min_PWM                                                                         0x0004       1
e_kelajuan                                                                        0x0005       1
e_n_tengah                                                                        0x0006      14
e_ambang_atas                                                                     0x0014      14
e_ambang_bawah                                                                    0x0022      14
e_k_stabilisator                                                                  0x0030       2
e_delay_awal                                                                      0x0032       1
e_reset_setting                                                                   0x0033       1
e_c_delay                                                                         0x0034      90
e_c_timer                                                                         0x008E      90
e_c_aksi                                                                          0x00E8      90
e_c_sensor_ka                                                                     0x0142      90
e_c_sensor_ki                                                                     0x019C      90
e_c_cp                                                                            0x01F6      90
e_c_invert                                                                        0x0250      90
e_c_laju                                                                          0x02AA      90
e_c_laju_ki                                                                       0x0304      90
e_c_laju_ka                                                                       0x035E      90

Register Allocation
Variable                                                                          Register  Size
------------------------------------------------------------------------------------------------
rx_wr_index                                                                       R5           1
rx_rd_index                                                                       R4           1
rx_counter                                                                        R7           1
rx_buffer_overflow                                                                R2.0      1bit
tx_wr_index                                                                       R6           1
tx_rd_index                                                                       R9           1
tx_counter                                                                        R8           1
kP                                                                                R10,R11      2
kI                                                                                R12,R13      2
timer_aktif                                                                       R2.1      1bit
flag_berhenti                                                                     R2.2      1bit
flag_invert                                                                       R2.3      1bit

FLASH Allocation [words]
Function                                                                          Address   Size
------------------------------------------------------------------------------------------------
usart_rx_isr                                                                      0x002AB     41
getchar                                                                           0x002D4     24
usart_tx_isr                                                                      0x002EC     27
putchar                                                                           0x00307     35
timer0_ovf_isr                                                                    0x0032A     33
read_adc                                                                          0x0034B     15
define_char                                                                       0x0035A     31
kirim_string                                                                      0x00379     20
ambil_string                                                                      0x0038D     25
baca_eeprom                                                                       0x003A6    191
atur_pwm                                                                          0x00465    110
grafik                                                                            0x004D3    174
logika_password                                                                   0x00581    207
menu                                                                              0x00650   3591
baca_bit_sensor                                                                   0x01457     63
kendali_PID                                                                       0x01496   1166
inisialisasi                                                                      0x01924     44
main                                                                              0x01950    310
put_buff_G100                                                                     0x01A86     67
_ftoe_G100                                                                        0x01AC9    243
_print_G100                                                                       0x01BBC    667
sprintf                                                                           0x01E57     57
_lcd_write_nibble_G101                                                            0x01E90     21
_lcd_write_data                                                                   0x01EA5     16
lcd_write_byte                                                                    0x01EB5     11
lcd_gotoxy                                                                        0x01EC0     18
lcd_clear                                                                         0x01ED2     15
lcd_putchar                                                                       0x01EE1     43
lcd_puts                                                                          0x01F0C     20
lcd_putsf                                                                         0x01F20     18
lcd_init                                                                          0x01F32     51
atoi                                                                              0x01F65     55
ftoa                                                                              0x01F9C    226
strcmp                                                                            0x0207E     20
strcpyf                                                                           0x02092     13
strlen                                                                            0x0209F     12
strlenf                                                                           0x020AB     13
isdigit                                                                           0x020B8      9
isspace                                                                           0x020C1     11
ftrunc                                                                            0x020CC     49
floor                                                                             0x020FD     24
